---
source: tui/src/bottom_pane/chat_composer.rs
expression: terminal.backend()
---
"                                                            "
"› /mo                                                       "
"                                                            "
"                                                            "
"  /model  Switch models or adjust reasoning effort          "
